Microchip MPLAB XC8 Compiler V1.41 ()

Linker command line:

--edf=C:\Program Files\Microchip\xc8\v1.41\dat\en_msgs.txt -cs \
  -h+dist/NewConfiguration/production\Controller_Xbee_NP_ver1.0.production.sym \
  --cmf=dist/NewConfiguration/production\Controller_Xbee_NP_ver1.0.production.cmf \
  -z -Q18F46K22 -oC:\Users\robo\AppData\Local\Temp\s1t0.2 \
  -Mdist/NewConfiguration/production/Controller_Xbee_NP_ver1.0.production.map \
  -E1 -ver=XC8 -ASTACK=0180h-0f37h -pstack=STACK -ACODE=00h-0FFFFh \
  -ACONST=00h-0FFFFh -ASMALLCONST=01000h-010FFhx240 \
  -AMEDIUMCONST=01000h-0FFFFh -ACOMRAM=01h-05Fh -AABS1=00h-0F37h \
  -ABIGRAM=01h-0F37h -ARAM=060h-0FFh,0100h-01FFhx14,0F00h-0F37h \
  -ABANK0=060h-0FFh -ABANK1=0100h-01FFh -ABANK2=0200h-02FFh \
  -ABANK3=0300h-03FFh -ABANK4=0400h-04FFh -ABANK5=0500h-05FFh \
  -ABANK6=0600h-06FFh -ABANK7=0700h-07FFh -ABANK8=0800h-08FFh \
  -ABANK9=0900h-09FFh -ABANK10=0A00h-0AFFh -ABANK11=0B00h-0BFFh \
  -ABANK12=0C00h-0CFFh -ABANK13=0D00h-0DFFh -ABANK14=0E00h-0EFFh \
  -ABANK15=0F00h-0F37h -ASFR=0F38h-0F5Fh,0F60h-0FFFh \
  -preset_vec=00h,intcode=08h,intcodelo,powerup,init -pramtop=01000h \
  -psmallconst=SMALLCONST -pmediumconst=MEDIUMCONST -pconst=CONST \
  -AFARRAM=00h-00h -ACONFIG=0300000h-030000Dh -pconfig=CONFIG \
  -AIDLOC=0200000h-0200007h -pidloc=IDLOC -AEEDATA=0F00000h-0F003FFh \
  -peeprom_data=EEDATA \
  -prdata=COMRAM,nvrram=COMRAM,nvbit=COMRAM,rbss=COMRAM,rbit=COMRAM \
  -pfarbss=FARRAM,fardata=FARRAM,nvFARRAM=FARRAM \
  -pintsave_regs=BIGRAM,bigbss=BIGRAM,bigdata=BIGRAM -pbss=RAM \
  -pidata=CODE,irdata=CODE,ibigdata=CODE,ifardata=CODE -prparam=COMRAM \
  C:\Users\robo\AppData\Local\Temp\s1t0.obj \
  dist/NewConfiguration/production\Controller_Xbee_NP_ver1.0.production.obj 

Object code version is 3.11

Machine type is 18F46K22

Call graph: (short form)




                Name                               Link     Load   Length Selector   Space Scale
C:\Users\robo\AppData\Local\Temp\s1t0.obj
                init                                 DC       DC        4        4       0
                reset_vec                             0        0        4        0       0
                idloc                            200000   200000        8   200000       0
                config                           300000   300000        E   300000       0
dist/NewConfiguration/production\Controller_Xbee_NP_ver1.0.production.obj
                intcode                               8        8       D4        4       0
                temp                                 4C       4C        1        1       1
                smallconst                         1000     1000        C      800       0
                text41                             1C66     1C66       2C      806       0
                text40                             1920     1920       48      806       0
                text39                             1C3A     1C3A       2C      806       0
                text38                             1BA8     1BA8       32      806       0
                text37                             1E24     1E24        2      806       0
                text36                             1DBA     1DBA       18      806       0
                text35                             1A28     1A28       3E      806       0
                text34                             13EC     13EC      264      806       0
                text33                             1D52     1D52       1C      806       0
                text32                             1E0A     1E0A        C      806       0
                text31                             1E16     1E16        6      806       0
                text30                             1D0C     1D0C       24      806       0
                text28                             1C0A     1C0A       30      806       0
                text27                             1B42     1B42       34      806       0
                text26                             1B0E     1B0E       34      806       0
                text25                             188E     188E       4A      806       0
                text24                             1BDA     1BDA       30      806       0
                text23                             1DD2     1DD2       16      806       0
                text22                             1AD8     1AD8       36      806       0
                text21                             1AA2     1AA2       36      806       0
                text20                             1A66     1A66       3C      806       0
                text19                             1DE8     1DE8       14      806       0
                text18                             1DFC     1DFC        E      806       0
                text17                             18D8     18D8       48      806       0
                text16                             1E20     1E20        4      806       0
                text15                             1D88     1D88       1A      806       0
                text14                             1E1C     1E1C        4      806       0
                text13                             1D30     1D30       22      806       0
                text12                             1CE6     1CE6       26      806       0
                text11                             1650     1650       BA      806       0
                text10                             1968     1968       44      806       0
                text9                              1842     1842       4C      806       0
                text8                              17AA     17AA       98      806       0
                text7                              1CBC     1CBC       2A      806       0
                text6                              1D6E     1D6E       1A      806       0
                text5                              19EA     19EA       3E      806       0
                text4                              19AC     19AC       3E      806       0
                text3                              1C92     1C92       2A      806       0
                text2                              1DA2     1DA2       18      806       0
                text1                              170A     170A       A0      806       0
                text0                              100C     100C      3E0      806       0
                cstackCOMRAM                          1        1       26        1       1
                cstackBANK0                          D6       D6       13       60       1
                bssBANK1                            100      100       80      100       1
                bssBANK0                             60       60       76       60       1
                bssCOMRAM                            27       27       22        1       1
                cinit                              1B76     1B76       32      806       0
                nvBANK0                              E9       E9        2       60       1
                nvCOMRAM                             49       49        3        1       1

TOTAL           Name                               Link     Load   Length     Space
        CLASS   STACK          

        CLASS   CODE           
                intcode                               8        8       D4         0
                init                                 DC       DC        4         0
                reset_vec                             0        0        4         0
                text41                             1C66     1C66       2C         0
                text40                             1920     1920       48         0
                text39                             1C3A     1C3A       2C         0
                text38                             1BA8     1BA8       32         0
                text37                             1E24     1E24        2         0
                text36                             1DBA     1DBA       18         0
                text35                             1A28     1A28       3E         0
                text34                             13EC     13EC      264         0
                text33                             1D52     1D52       1C         0
                text32                             1E0A     1E0A        C         0
                text31                             1E16     1E16        6         0
                text30                             1D0C     1D0C       24         0
                text28                             1C0A     1C0A       30         0
                text27                             1B42     1B42       34         0
                text26                             1B0E     1B0E       34         0
                text25                             188E     188E       4A         0
                text24                             1BDA     1BDA       30         0
                text23                             1DD2     1DD2       16         0
                text22                             1AD8     1AD8       36         0
                text21                             1AA2     1AA2       36         0
                text20                             1A66     1A66       3C         0
                text19                             1DE8     1DE8       14         0
                text18                             1DFC     1DFC        E         0
                text17                             18D8     18D8       48         0
                text16                             1E20     1E20        4         0
                text15                             1D88     1D88       1A         0
                text14                             1E1C     1E1C        4         0
                text13                             1D30     1D30       22         0
                text12                             1CE6     1CE6       26         0
                text11                             1650     1650       BA         0
                text10                             1968     1968       44         0
                text9                              1842     1842       4C         0
                text8                              17AA     17AA       98         0
                text7                              1CBC     1CBC       2A         0
                text6                              1D6E     1D6E       1A         0
                text5                              19EA     19EA       3E         0
                text4                              19AC     19AC       3E         0
                text3                              1C92     1C92       2A         0
                text2                              1DA2     1DA2       18         0
                text1                              170A     170A       A0         0
                text0                              100C     100C      3E0         0
                cinit                              1B76     1B76       32         0

        CLASS   CONST          

        CLASS   SMALLCONST     
                smallconst                         1000     1000        C         0

        CLASS   MEDIUMCONST    

        CLASS   COMRAM         
                temp                                 4C       4C        1         1
                cstackCOMRAM                          1        1       26         1
                bssCOMRAM                            27       27       22         1
                nvCOMRAM                             49       49        3         1

        CLASS   ABS1           

        CLASS   BIGRAM         

        CLASS   RAM            

        CLASS   BANK0          
                cstackBANK0                          D6       D6       13         1
                bssBANK0                             60       60       76         1
                nvBANK0                              E9       E9        2         1

        CLASS   BANK1          
                bssBANK1                            100      100       80         1

        CLASS   BANK2          

        CLASS   BANK3          

        CLASS   BANK4          

        CLASS   BANK5          

        CLASS   BANK6          

        CLASS   BANK7          

        CLASS   BANK8          

        CLASS   BANK9          

        CLASS   BANK10         

        CLASS   BANK11         

        CLASS   BANK12         

        CLASS   BANK13         

        CLASS   BANK14         

        CLASS   BANK15         

        CLASS   SFR            

        CLASS   FARRAM         

        CLASS   CONFIG         
                config                           300000   300000        E         0

        CLASS   IDLOC          
                idloc                            200000   200000        8         0

        CLASS   EEDATA         



SEGMENTS        Name                           Load    Length   Top    Selector   Space  Class

                reset_vec                      000000  000004  000004         0       0  CODE    
                cstackCOMRAM                   000001  00004C  00004D         1       1  COMRAM  
                intcode                        000008  0000D8  0000E0         4       0  CODE    
                bssBANK0                       000060  00008B  0000EB        60       1  BANK0   
                bssBANK1                       000100  000080  000180       100       1  BANK1   
                smallconst                     001000  00000C  00100C       800       0  SMALLCON
                text0                          00100C  000E1A  001E26       806       0  CODE    
                idloc                          200000  000008  200008    200000       0  IDLOC   
                config                         300000  00000E  30000E    300000       0  CONFIG  


UNUSED ADDRESS RANGES

        Name                Unused          Largest block    Delta
        BANK0            0000EB-0000FF               15
        BANK1            000180-0001FF               80
        BANK10           000A00-000AFF              100
        BANK11           000B00-000BFF              100
        BANK12           000C00-000CFF              100
        BANK13           000D00-000DFF              100
        BANK14           000E00-000EFF              100
        BANK15           000F00-000F37               38
        BANK2            000200-0002FF              100
        BANK3            000300-0003FF              100
        BANK4            000400-0004FF              100
        BANK5            000500-0005FF              100
        BANK6            000600-0006FF              100
        BANK7            000700-0007FF              100
        BANK8            000800-0008FF              100
        BANK9            000900-0009FF              100
        BIGRAM           00004D-00005F               13
                         0000EB-0000FF               15
                         000180-000F37              DB8
        CODE             000004-000007                4
                         0000E0-000FFF              F20
                         001E26-00FFFF             E1DA
        COMRAM           00004D-00005F               13
        CONST            000004-000007                4
                         0000E0-000FFF              F20
                         001E26-00FFFF             E1DA
        EEDATA           F00000-F003FF              400
        MEDIUMCONST      001E26-00FFFF             E1DA
        RAM              0000EB-0000FF               15
                         000180-000F37              100
        SFR              000F38-000FFF               28
        SMALLCONST       001E26-00FFFF              100
        STACK            000180-000F37              DB8

                                  Symbol Table

?_ADC_GetConversion                  cstackCOMRAM 000014
ADC_GetConversion@channel            cstackCOMRAM 000018
EUSART1_Read@readValue               cstackCOMRAM 000014
EUSART1_Write@txData                 cstackCOMRAM 000014
EUSART2_Read@readValue               cstackCOMRAM 000014
EUSART_CompWrite@data                cstackCOMRAM 000016
I2C1_ISR@i2c_10bit_address_restart   bssCOMRAM    00003F
I2C1_ISR@i2c_address                 bssCOMRAM    000046
I2C1_ISR@i2c_bytes_left              bssCOMRAM    000040
I2C1_ISR@pi2c_buf_ptr                bssCOMRAM    000027
I2C1_MasterRead@trBlock              bssBANK0     0000C3
I2C1_MasterTRBInsert@count           cstackCOMRAM 000019
I2C1_MasterTRBInsert@pflag           cstackCOMRAM 000016
I2C1_MasterTRBInsert@ptrb_list       cstackCOMRAM 000014
I2C1_MasterWrite@address             cstackCOMRAM 000020
I2C1_MasterWrite@length              cstackCOMRAM 00001F
I2C1_MasterWrite@pdata               cstackCOMRAM 00001D
I2C1_MasterWrite@pflag               cstackCOMRAM 000022
I2C1_MasterWrite@trBlock             bssBANK0     0000C8
I2C1_MasterWriteTRBBuild@address     cstackCOMRAM 000019
I2C1_MasterWriteTRBBuild@length      cstackCOMRAM 000018
I2C1_MasterWriteTRBBuild@pdata       cstackCOMRAM 000016
I2C1_MasterWriteTRBBuild@ptrb        cstackCOMRAM 000014
I2C1_Stop@completion_code            cstackCOMRAM 000003
I2C_M_write@addr                     cstackBANK0  0000D6
I2C_M_write@length                   cstackCOMRAM 000026
I2C_M_write@slaveTimeOut             bssBANK0     0000BF
I2C_M_write@status                   bssCOMRAM    000048
I2C_M_write@timeOut                  bssBANK0     0000C1
I2C_M_write@wr                       cstackCOMRAM 000024
TMR1_ISR@CountCallBack               bssCOMRAM    00002D
_ADCON0                              (abs)        000FC2
_ADCON0bits                          (abs)        000FC2
_ADCON1                              (abs)        000FC1
_ADCON2                              (abs)        000FC0
_ADC_GetConversion                   text28       001C0A
_ADC_Initialize                      text23       001DD2
_ADRESH                              (abs)        000FC4
_ADRESL                              (abs)        000FC3
_ANSELA                              (abs)        000F38
_ANSELB                              (abs)        000F39
_ANSELC                              (abs)        000F3A
_ANSELD                              (abs)        000F3B
_ANSELE                              (abs)        000F3C
_BAUD1CON                            (abs)        000FB8
_BAUD2CON                            (abs)        000F70
_EUSART1_Initialize                  text22       001AD8
_EUSART1_Read                        text27       001B42
_EUSART1_Receive_ISR                 text41       001C66
_EUSART1_Transmit_ISR                text40       001920
_EUSART1_Write                       text25       00188E
_EUSART2_Initialize                  text21       001AA2
_EUSART2_Read                        text26       001B0E
_EUSART2_Receive_ISR                 text39       001C3A
_EUSART2_Transmit_ISR                text38       001BA8
_EUSART_CompWrite                    text24       001BDA
_I2C1_BusCollisionISR                text37       001E24
_I2C1_FunctionComplete               text36       001DBA
_I2C1_ISR                            text34       0013EC
_I2C1_Initialize                     text20       001A66
_I2C1_MasterTRBInsert                text11       001650
_I2C1_MasterWrite                    text9        001842
_I2C1_MasterWriteTRBBuild            text10       001968
_I2C1_Stop                           text35       001A28
_I2C_M_write                         text8        0017AA
_INTCON2bits                         (abs)        000FF1
_INTCONbits                          (abs)        000FF2
_INTERRUPT_Initialize                text19       001DE8
_INTERRUPT_InterruptManager          intcode      000008
_IPR1bits                            (abs)        000F9F
_IPR2bits                            (abs)        000FA2
_IPR3bits                            (abs)        000FA5
_LATA                                (abs)        000F89
_LATB                                (abs)        000F8A
_LATC                                (abs)        000F8B
_LATD                                (abs)        000F8C
_LATE                                (abs)        000F8D
_LATEbits                            (abs)        000F8D
_OSCCON                              (abs)        000FD3
_OSCCON2                             (abs)        000FD2
_OSCILLATOR_Initialize               text18       001DFC
_OSCTUNE                             (abs)        000F9B
_PIE1bits                            (abs)        000F9D
_PIE2bits                            (abs)        000FA0
_PIE3bits                            (abs)        000FA3
_PIN_MANAGER_Initialize              text17       0018D8
_PIR1bits                            (abs)        000F9E
_PIR2bits                            (abs)        000FA1
_PIR3bits                            (abs)        000FA4
_PORTAbits                           (abs)        000F80
_PORTBbits                           (abs)        000F81
_PORTCbits                           (abs)        000F82
_PORTDbits                           (abs)        000F83
_RC1STA                              (abs)        000FAB
_RC1STAbits                          (abs)        000FAB
_RC2STA                              (abs)        000F71
_RC2STAbits                          (abs)        000F71
_RCONbits                            (abs)        000FD0
_RCREG1                              (abs)        000FAE
_RCREG2                              (abs)        000F74
_SPBRG1                              (abs)        000FAF
_SPBRG2                              (abs)        000F75
_SPBRGH1                             (abs)        000FB0
_SPBRGH2                             (abs)        000F76
_SSP1ADD                             (abs)        000FC8
_SSP1BUF                             (abs)        000FC9
_SSP1CON1                            (abs)        000FC6
_SSP1CON1bits                        (abs)        000FC6
_SSP1CON2bits                        (abs)        000FC5
_SSP1CON3                            (abs)        000FCB
_SSP1STAT                            (abs)        000FC7
_SYSTEM_Initialize                   text12       001CE6
_T0CON                               (abs)        000FD5
_T0CONbits                           (abs)        000FD5
_T1CON                               (abs)        000FCD
_T1CONbits                           (abs)        000FCD
_T1GCON                              (abs)        000FCC
_T1GCONbits                          (abs)        000FCC
_TMR0H                               (abs)        000FD7
_TMR0L                               (abs)        000FD6
_TMR0_CallBack                       text33       001D52
_TMR0_ISR                            text32       001E0A
_TMR0_Initialize                     text15       001D88
_TMR0_StartTimer                     text16       001E20
_TMR1                                (abs)        000FCE
_TMR1H                               (abs)        000FCF
_TMR1L                               (abs)        000FCE
_TMR1_CallBack                       text31       001E16
_TMR1_ISR                            text30       001D0C
_TMR1_Initialize                     text13       001D30
_TMR1_StartTimer                     text14       001E1C
_TRISA                               (abs)        000F92
_TRISB                               (abs)        000F93
_TRISC                               (abs)        000F94
_TRISD                               (abs)        000F95
_TRISE                               (abs)        000F96
_TX1STA                              (abs)        000FAC
_TX2STA                              (abs)        000F72
_TXREG1                              (abs)        000FAD
_TXREG2                              (abs)        000F73
_WPUB                                (abs)        000F61
__CFG_BOREN$SBORDIS                  (abs)        000000
__CFG_BORV$190                       (abs)        000000
__CFG_CCP2MX$PORTC1                  (abs)        000000
__CFG_CCP3MX$PORTB5                  (abs)        000000
__CFG_CP0$OFF                        (abs)        000000
__CFG_CP1$OFF                        (abs)        000000
__CFG_CP2$OFF                        (abs)        000000
__CFG_CP3$OFF                        (abs)        000000
__CFG_CPB$OFF                        (abs)        000000
__CFG_CPD$OFF                        (abs)        000000
__CFG_DEBUG$OFF                      (abs)        000000
__CFG_EBTR0$OFF                      (abs)        000000
__CFG_EBTR1$OFF                      (abs)        000000
__CFG_EBTR2$OFF                      (abs)        000000
__CFG_EBTR3$OFF                      (abs)        000000
__CFG_EBTRB$OFF                      (abs)        000000
__CFG_FCMEN$OFF                      (abs)        000000
__CFG_FOSC$INTIO67                   (abs)        000000
__CFG_HFOFST$ON                      (abs)        000000
__CFG_IESO$OFF                       (abs)        000000
__CFG_LVP$OFF                        (abs)        000000
__CFG_MCLRE$EXTMCLR                  (abs)        000000
__CFG_P2BMX$PORTD2                   (abs)        000000
__CFG_PBADEN$ON                      (abs)        000000
__CFG_PLLCFG$OFF                     (abs)        000000
__CFG_PRICLKEN$OFF                   (abs)        000000
__CFG_PWRTEN$OFF                     (abs)        000000
__CFG_STVREN$ON                      (abs)        000000
__CFG_T3CMX$PORTC0                   (abs)        000000
__CFG_WDTEN$OFF                      (abs)        000000
__CFG_WDTPS$32768                    (abs)        000000
__CFG_WRT0$OFF                       (abs)        000000
__CFG_WRT1$OFF                       (abs)        000000
__CFG_WRT2$OFF                       (abs)        000000
__CFG_WRT3$OFF                       (abs)        000000
__CFG_WRTB$OFF                       (abs)        000000
__CFG_WRTC$OFF                       (abs)        000000
__CFG_WRTD$OFF                       (abs)        000000
__CFG_XINST$OFF                      (abs)        000000
__HRAM                               (abs)        000000
__Habs1                              abs1         000000
__Hbank0                             bank0        000000
__Hbank1                             bank1        000000
__Hbank10                            bank10       000000
__Hbank11                            bank11       000000
__Hbank12                            bank12       000000
__Hbank13                            bank13       000000
__Hbank14                            bank14       000000
__Hbank15                            bank15       000000
__Hbank2                             bank2        000000
__Hbank3                             bank3        000000
__Hbank4                             bank4        000000
__Hbank5                             bank5        000000
__Hbank6                             bank6        000000
__Hbank7                             bank7        000000
__Hbank8                             bank8        000000
__Hbank9                             bank9        000000
__Hbigbss                            bigbss       000000
__Hbigdata                           bigdata      000000
__Hbigram                            bigram       000000
__Hbss                               bss          000000
__HbssBANK0                          bssBANK0     000000
__HbssBANK1                          bssBANK1     000000
__HbssCOMRAM                         bssCOMRAM    000000
__Hcinit                             cinit        000000
__Hclrtext                           clrtext      000000
__Hcomram                            comram       000000
__Hconfig                            config       30000E
__Hconst                             const        000000
__HcstackBANK0                       cstackBANK0  000000
__HcstackCOMRAM                      cstackCOMRAM 000000
__Hdata                              data         000000
__Heeprom_data                       eeprom_data  000000
__Hfarbss                            farbss       000000
__Hfardata                           fardata      000000
__Hibigdata                          ibigdata     000000
__Hidata                             idata        000000
__Hidloc                             idloc        200008
__Hifardata                          ifardata     000000
__Hinit                              init         0000E0
__Hintcode                           intcode      0000DC
__Hintcode_body                      intcode_body 000000
__Hintcodelo                         intcodelo    0000DC
__Hintentry                          intentry     000000
__Hintret                            intret       000000
__Hintsave_regs                      intsave_regs 000000
__Hirdata                            irdata       000000
__Hmediumconst                       mediumconst  000000
__HnvBANK0                           nvBANK0      000000
__HnvCOMRAM                          nvCOMRAM     000000
__HnvFARRAM                          nvFARRAM     000000
__Hnvbit                             nvbit        000000
__Hnvrram                            nvrram       000000
__Hparam                             rparam       000000
__Hpowerup                           powerup      0000DC
__Hram                               ram          000000
__Hramtop                            ramtop       001000
__Hrbit                              rbit         000000
__Hrbss                              rbss         000000
__Hrdata                             rdata        000000
__Hreset_vec                         reset_vec    000004
__Hrparam                            rparam       000000
__Hsfr                               sfr          000000
__Hsmallconst                        smallconst   00100C
__Hspace_0                           (abs)        30000E
__Hspace_1                           (abs)        000180
__Hspace_2                           (abs)        000000
__Hstack                             stack        000000
__Hstruct                            struct       000000
__Htemp                              temp         00004D
__Htext                              text         000000
__Htext0                             text0        000000
__Htext1                             text1        000000
__Htext10                            text10       000000
__Htext11                            text11       000000
__Htext12                            text12       000000
__Htext13                            text13       000000
__Htext14                            text14       000000
__Htext15                            text15       000000
__Htext16                            text16       000000
__Htext17                            text17       000000
__Htext18                            text18       000000
__Htext19                            text19       000000
__Htext2                             text2        000000
__Htext20                            text20       000000
__Htext21                            text21       000000
__Htext22                            text22       000000
__Htext23                            text23       000000
__Htext24                            text24       000000
__Htext25                            text25       000000
__Htext26                            text26       000000
__Htext27                            text27       000000
__Htext28                            text28       000000
__Htext3                             text3        000000
__Htext30                            text30       000000
__Htext31                            text31       000000
__Htext32                            text32       000000
__Htext33                            text33       000000
__Htext34                            text34       000000
__Htext35                            text35       000000
__Htext36                            text36       000000
__Htext37                            text37       000000
__Htext38                            text38       000000
__Htext39                            text39       000000
__Htext4                             text4        000000
__Htext40                            text40       000000
__Htext41                            text41       000000
__Htext5                             text5        000000
__Htext6                             text6        000000
__Htext7                             text7        000000
__Htext8                             text8        000000
__Htext9                             text9        000000
__LRAM                               (abs)        000001
__Labs1                              abs1         000000
__Lbank0                             bank0        000000
__Lbank1                             bank1        000000
__Lbank10                            bank10       000000
__Lbank11                            bank11       000000
__Lbank12                            bank12       000000
__Lbank13                            bank13       000000
__Lbank14                            bank14       000000
__Lbank15                            bank15       000000
__Lbank2                             bank2        000000
__Lbank3                             bank3        000000
__Lbank4                             bank4        000000
__Lbank5                             bank5        000000
__Lbank6                             bank6        000000
__Lbank7                             bank7        000000
__Lbank8                             bank8        000000
__Lbank9                             bank9        000000
__Lbigbss                            bigbss       000000
__Lbigdata                           bigdata      000000
__Lbigram                            bigram       000000
__Lbss                               bss          000000
__LbssBANK0                          bssBANK0     000000
__LbssBANK1                          bssBANK1     000000
__LbssCOMRAM                         bssCOMRAM    000000
__Lcinit                             cinit        000000
__Lclrtext                           clrtext      000000
__Lcomram                            comram       000000
__Lconfig                            config       300000
__Lconst                             const        000000
__LcstackBANK0                       cstackBANK0  000000
__LcstackCOMRAM                      cstackCOMRAM 000000
__Ldata                              data         000000
__Leeprom_data                       eeprom_data  000000
__Lfarbss                            farbss       000000
__Lfardata                           fardata      000000
__Libigdata                          ibigdata     000000
__Lidata                             idata        000000
__Lidloc                             idloc        200000
__Lifardata                          ifardata     000000
__Linit                              init         0000DC
__Lintcode                           intcode      000008
__Lintcode_body                      intcode_body 000000
__Lintcodelo                         intcodelo    0000DC
__Lintentry                          intentry     000000
__Lintret                            intret       000000
__Lintsave_regs                      intsave_regs 000000
__Lirdata                            irdata       000000
__Lmediumconst                       mediumconst  000000
__LnvBANK0                           nvBANK0      000000
__LnvCOMRAM                          nvCOMRAM     000000
__LnvFARRAM                          nvFARRAM     000000
__Lnvbit                             nvbit        000000
__Lnvrram                            nvrram       000000
__Lparam                             rparam       000000
__Lpowerup                           powerup      0000DC
__Lram                               ram          000000
__Lramtop                            ramtop       001000
__Lrbit                              rbit         000000
__Lrbss                              rbss         000000
__Lrdata                             rdata        000000
__Lreset_vec                         reset_vec    000000
__Lrparam                            rparam       000000
__Lsfr                               sfr          000000
__Lsmallconst                        smallconst   001000
__Lspace_0                           (abs)        000000
__Lspace_1                           (abs)        000000
__Lspace_2                           (abs)        000000
__Lstack                             stack        000000
__Lstruct                            struct       000000
__Ltemp                              temp         00004C
__Ltext                              text         000000
__Ltext0                             text0        000000
__Ltext1                             text1        000000
__Ltext10                            text10       000000
__Ltext11                            text11       000000
__Ltext12                            text12       000000
__Ltext13                            text13       000000
__Ltext14                            text14       000000
__Ltext15                            text15       000000
__Ltext16                            text16       000000
__Ltext17                            text17       000000
__Ltext18                            text18       000000
__Ltext19                            text19       000000
__Ltext2                             text2        000000
__Ltext20                            text20       000000
__Ltext21                            text21       000000
__Ltext22                            text22       000000
__Ltext23                            text23       000000
__Ltext24                            text24       000000
__Ltext25                            text25       000000
__Ltext26                            text26       000000
__Ltext27                            text27       000000
__Ltext28                            text28       000000
__Ltext3                             text3        000000
__Ltext30                            text30       000000
__Ltext31                            text31       000000
__Ltext32                            text32       000000
__Ltext33                            text33       000000
__Ltext34                            text34       000000
__Ltext35                            text35       000000
__Ltext36                            text36       000000
__Ltext37                            text37       000000
__Ltext38                            text38       000000
__Ltext39                            text39       000000
__Ltext4                             text4        000000
__Ltext40                            text40       000000
__Ltext41                            text41       000000
__Ltext5                             text5        000000
__Ltext6                             text6        000000
__Ltext7                             text7        000000
__Ltext8                             text8        000000
__Ltext9                             text9        000000
__S0                                 (abs)        30000E
__S1                                 (abs)        000180
__S2                                 (abs)        000000
___inthi_sp                          stack        000000
___intlo_sp                          stack        000000
___param_bank                        (abs)        000000
___rparam_used                       (abs)        000001
___sp                                stack        000000
__accesstop                          (abs)        000060
__activetblptr                       (abs)        000002
__end_of_ADC_GetConversion           text28       001C3A
__end_of_ADC_Initialize              text23       001DE8
__end_of_EUSART1_Initialize          text22       001B0E
__end_of_EUSART1_Read                text27       001B76
__end_of_EUSART1_Receive_ISR         text41       001C92
__end_of_EUSART1_Transmit_ISR        text40       001968
__end_of_EUSART1_Write               text25       0018D8
__end_of_EUSART2_Initialize          text21       001AD8
__end_of_EUSART2_Read                text26       001B42
__end_of_EUSART2_Receive_ISR         text39       001C66
__end_of_EUSART2_Transmit_ISR        text38       001BDA
__end_of_EUSART_CompWrite            text24       001C0A
__end_of_I2C1_BusCollisionISR        text37       001E26
__end_of_I2C1_FunctionComplete       text36       001DD2
__end_of_I2C1_ISR                    text34       001650
__end_of_I2C1_Initialize             text20       001AA2
__end_of_I2C1_MasterTRBInsert        text11       00170A
__end_of_I2C1_MasterWrite            text9        00188E
__end_of_I2C1_MasterWriteTRBBuild    text10       0019AC
__end_of_I2C1_Stop                   text35       001A66
__end_of_I2C_M_write                 text8        001842
__end_of_INTERRUPT_Initialize        text19       001DFC
__end_of_INTERRUPT_InterruptManager  intcode      0000DC
__end_of_OSCILLATOR_Initialize       text18       001E0A
__end_of_PIN_MANAGER_Initialize      text17       001920
__end_of_SYSTEM_Initialize           text12       001D0C
__end_of_TMR0_CallBack               text33       001D6E
__end_of_TMR0_ISR                    text32       001E16
__end_of_TMR0_Initialize             text15       001DA2
__end_of_TMR0_StartTimer             text16       001E24
__end_of_TMR1_CallBack               text31       001E1C
__end_of_TMR1_ISR                    text30       001D30
__end_of_TMR1_Initialize             text13       001D52
__end_of_TMR1_StartTimer             text14       001E20
__end_of__initialization             cinit        001B9A
__end_of_main                        text0        0013EC
__end_of_oled_clear                  text6        001D88
__end_of_oled_cmd                    text7        001CE6
__end_of_oled_contrast               text5        001A28
__end_of_oled_data                   text3        001CBC
__end_of_oled_init                   text4        0019EA
__end_of_oled_position               text2        001DBA
__end_of_oled_str_disp               text1        0017AA
__initialization                     cinit        001B76
__mediumconst                        mediumconst  000000
__pbssBANK0                          bssBANK0     000060
__pbssBANK1                          bssBANK1     000100
__pbssCOMRAM                         bssCOMRAM    000027
__pcinit                             cinit        001B76
__pcstackBANK0                       cstackBANK0  0000D6
__pcstackCOMRAM                      cstackCOMRAM 000001
__pintcode                           intcode      000008
__pnvBANK0                           nvBANK0      0000E9
__pnvCOMRAM                          nvCOMRAM     000049
__psmallconst                        smallconst   001000
__ptext0                             text0        00100C
__ptext1                             text1        00170A
__ptext10                            text10       001968
__ptext11                            text11       001650
__ptext12                            text12       001CE6
__ptext13                            text13       001D30
__ptext14                            text14       001E1C
__ptext15                            text15       001D88
__ptext16                            text16       001E20
__ptext17                            text17       0018D8
__ptext18                            text18       001DFC
__ptext19                            text19       001DE8
__ptext2                             text2        001DA2
__ptext20                            text20       001A66
__ptext21                            text21       001AA2
__ptext22                            text22       001AD8
__ptext23                            text23       001DD2
__ptext24                            text24       001BDA
__ptext25                            text25       00188E
__ptext26                            text26       001B0E
__ptext27                            text27       001B42
__ptext28                            text28       001C0A
__ptext3                             text3        001C92
__ptext30                            text30       001D0C
__ptext31                            text31       001E16
__ptext32                            text32       001E0A
__ptext33                            text33       001D52
__ptext34                            text34       0013EC
__ptext35                            text35       001A28
__ptext36                            text36       001DBA
__ptext37                            text37       001E24
__ptext38                            text38       001BA8
__ptext39                            text39       001C3A
__ptext4                             text4        0019AC
__ptext40                            text40       001920
__ptext41                            text41       001C66
__ptext5                             text5        0019EA
__ptext6                             text6        001D6E
__ptext7                             text7        001CBC
__ptext8                             text8        0017AA
__ptext9                             text9        001842
__ramtop                             ramtop       001000
__size_of_ADC_GetConversion          (abs)        000000
__size_of_ADC_Initialize             (abs)        000000
__size_of_EUSART1_Initialize         (abs)        000000
__size_of_EUSART1_Read               (abs)        000000
__size_of_EUSART1_Receive_ISR        (abs)        000000
__size_of_EUSART1_Transmit_ISR       (abs)        000000
__size_of_EUSART1_Write              (abs)        000000
__size_of_EUSART2_Initialize         (abs)        000000
__size_of_EUSART2_Read               (abs)        000000
__size_of_EUSART2_Receive_ISR        (abs)        000000
__size_of_EUSART2_Transmit_ISR       (abs)        000000
__size_of_EUSART_CompWrite           (abs)        000000
__size_of_I2C1_BusCollisionISR       (abs)        000000
__size_of_I2C1_FunctionComplete      (abs)        000000
__size_of_I2C1_ISR                   (abs)        000000
__size_of_I2C1_Initialize            (abs)        000000
__size_of_I2C1_MasterTRBInsert       (abs)        000000
__size_of_I2C1_MasterWrite           (abs)        000000
__size_of_I2C1_MasterWriteTRBBuild   (abs)        000000
__size_of_I2C1_Stop                  (abs)        000000
__size_of_I2C_M_write                (abs)        000000
__size_of_INTERRUPT_Initialize       (abs)        000000
__size_of_INTERRUPT_InterruptManager (abs)        000000
__size_of_OSCILLATOR_Initialize      (abs)        000000
__size_of_PIN_MANAGER_Initialize     (abs)        000000
__size_of_SYSTEM_Initialize          (abs)        000000
__size_of_TMR0_CallBack              (abs)        000000
__size_of_TMR0_ISR                   (abs)        000000
__size_of_TMR0_Initialize            (abs)        000000
__size_of_TMR0_StartTimer            (abs)        000000
__size_of_TMR1_CallBack              (abs)        000000
__size_of_TMR1_ISR                   (abs)        000000
__size_of_TMR1_Initialize            (abs)        000000
__size_of_TMR1_StartTimer            (abs)        000000
__size_of_main                       (abs)        000000
__size_of_oled_clear                 (abs)        000000
__size_of_oled_cmd                   (abs)        000000
__size_of_oled_contrast              (abs)        000000
__size_of_oled_data                  (abs)        000000
__size_of_oled_init                  (abs)        000000
__size_of_oled_position              (abs)        000000
__size_of_oled_str_disp              (abs)        000000
__smallconst                         smallconst   001000
_eusart1RxBuffer                     bssBANK1     000100
_eusart1RxCount                      bssCOMRAM    000035
_eusart1RxHead                       bssCOMRAM    000037
_eusart1RxTail                       bssCOMRAM    000036
_eusart1TxBuffer                     bssBANK1     000140
_eusart1TxBufferRemaining            nvBANK0      0000E9
_eusart1TxHead                       bssCOMRAM    000039
_eusart1TxTail                       bssCOMRAM    000038
_eusart2RxBuffer                     bssBANK0     000060
_eusart2RxCount                      bssCOMRAM    00003A
_eusart2RxHead                       bssCOMRAM    00003C
_eusart2RxTail                       bssCOMRAM    00003B
_eusart2TxBuffer                     bssBANK0     0000B0
_eusart2TxBufferRemaining            nvBANK0      0000EA
_eusart2TxHead                       bssCOMRAM    00003E
_eusart2TxTail                       bssCOMRAM    00003D
_i2c1_object                         bssBANK0     0000B8
_i2c1_state                          bssCOMRAM    000042
_i2c1_tr_queue                       bssBANK0     0000CD
_i2c1_trb_count                      bssCOMRAM    000041
_main                                text0        00100C
_not_of_before_data                  bssCOMRAM    000034
_oled_clear                          text6        001D6E
_oled_cmd                            text7        001CBC
_oled_contrast                       text5        0019EA
_oled_data                           text3        001C92
_oled_init                           text4        0019AC
_oled_position                       text2        001DA2
_oled_str_disp                       text1        00170A
_p_i2c1_current                      bssCOMRAM    000029
_p_i2c1_trb_current                  bssCOMRAM    00002B
_str                                 bssBANK0     0000A0
_subdata                             bssCOMRAM    000043
_timer0ReloadVal8bit                 nvCOMRAM     00004B
_timer1ReloadVal                     nvCOMRAM     000049
_tmrFlag                             bssCOMRAM    000045
_waitCTS                             bssCOMRAM    000044
btemp                                temp         00004C
end_of_initialization                cinit        001B9A
int$flags                            temp         00004C
intlevel0                            text         000000
intlevel1                            text         000000
intlevel2                            text         000000
intlevel3                            text         000000
main@columun                         bssCOMRAM    000031
main@escaped                         bssCOMRAM    00002F
main@line                            bssCOMRAM    000030
main@recievedbefore                  bssCOMRAM    000032
main@recieveddata                    bssCOMRAM    000033
oled_cmd@work                        cstackBANK0  0000D7
oled_cmd@write                       bssBANK0     0000D4
oled_contrast@cont                   cstackBANK0  0000D9
oled_data@work                       cstackBANK0  0000D7
oled_data@write                      bssBANK0     0000D2
oled_position@col                    cstackBANK0  0000D8
oled_position@li                     cstackBANK0  0000D9
oled_str_disp@col                    cstackBANK0  0000DA
oled_str_disp@i                      cstackBANK0  0000E0
oled_str_disp@li                     cstackBANK0  0000DF
oled_str_disp@string                 cstackBANK0  0000DB
stackhi                              (abs)        000F37
stacklo                              (abs)        000180
start                                init         0000DC
start_initialization                 cinit        001B76


FUNCTION INFORMATION:

 *************** function _main *****************
 Defined at:
		line 263 in file "main.c"
 Parameters:    Size  Location     Type
		None
 Auto vars:     Size  Location     Type
		None
 Return value:  Size  Location     Type
                  1    wreg      void 
 Registers used:
		wreg, fsr2l, fsr2h, status,2, status,0, tblptrl, tblptrh, tblptru, prodl, prodh, cstack
 Tracked objects:
		On entry : 
		On exit  : 
		Unchanged: 
 Data sizes:     COMRAM   BANK0   BANK1   BANK2   BANK3   BANK4   BANK5   BANK6   BANK7   BANK8   BANK9  BANK10  BANK11  BANK12  BANK13  BANK14  BANK15
      Params:         0       0       0       0       0       0       0       0       0       0       0       0       0       0       0       0       0
      Locals:         0       0       0       0       0       0       0       0       0       0       0       0       0       0       0       0       0
      Temps:          0       8       0       0       0       0       0       0       0       0       0       0       0       0       0       0       0
      Totals:         0       8       0       0       0       0       0       0       0       0       0       0       0       0       0       0       0
Total ram usage:        8 bytes
 Hardware stack levels required when called:    9
 This function calls:
		_ADC_GetConversion
		_EUSART1_Read
		_EUSART1_Write
		_EUSART2_Read
		_EUSART_CompWrite
		_SYSTEM_Initialize
		_oled_clear
		_oled_contrast
		_oled_data
		_oled_init
		_oled_position
		_oled_str_disp
 This function is called by:
		Startup code after reset
 This function uses a non-reentrant model


 *************** function _oled_str_disp *****************
 Defined at:
		line 226 in file "main.c"
 Parameters:    Size  Location     Type
  li              1    wreg     unsigned char 
  col             1    4[BANK0 ] unsigned char 
  string          2    5[BANK0 ] PTR const unsigned char 
		 -> STR_1(10), 
 Auto vars:     Size  Location     Type
  li              1    9[BANK0 ] unsigned char 
  i               1   10[BANK0 ] unsigned char 
 Return value:  Size  Location     Type
                  1    wreg      void 
 Registers used:
		wreg, fsr2l, fsr2h, status,2, status,0, tblptrl, tblptrh, tblptru, prodl, prodh, cstack
 Tracked objects:
		On entry : 
		On exit  : 
		Unchanged: 
 Data sizes:     COMRAM   BANK0   BANK1   BANK2   BANK3   BANK4   BANK5   BANK6   BANK7   BANK8   BANK9  BANK10  BANK11  BANK12  BANK13  BANK14  BANK15
      Params:         0       3       0       0       0       0       0       0       0       0       0       0       0       0       0       0       0
      Locals:         0       2       0       0       0       0       0       0       0       0       0       0       0       0       0       0       0
      Temps:          0       2       0       0       0       0       0       0       0       0       0       0       0       0       0       0       0
      Totals:         0       7       0       0       0       0       0       0       0       0       0       0       0       0       0       0       0
Total ram usage:        7 bytes
 Hardware stack levels used:    1
 Hardware stack levels required when called:    8
 This function calls:
		_oled_data
		_oled_position
 This function is called by:
		_main
 This function uses a non-reentrant model


 *************** function _oled_position *****************
 Defined at:
		line 217 in file "main.c"
 Parameters:    Size  Location     Type
  li              1    wreg     unsigned char 
  col             1    2[BANK0 ] unsigned char 
 Auto vars:     Size  Location     Type
  li              1    3[BANK0 ] unsigned char 
 Return value:  Size  Location     Type
                  1    wreg      void 
 Registers used:
		wreg, fsr2l, fsr2h, status,2, status,0, cstack
 Tracked objects:
		On entry : 
		On exit  : 
		Unchanged: 
 Data sizes:     COMRAM   BANK0   BANK1   BANK2   BANK3   BANK4   BANK5   BANK6   BANK7   BANK8   BANK9  BANK10  BANK11  BANK12  BANK13  BANK14  BANK15
      Params:         0       1       0       0       0       0       0       0       0       0       0       0       0       0       0       0       0
      Locals:         0       1       0       0       0       0       0       0       0       0       0       0       0       0       0       0       0
      Temps:          0       0       0       0       0       0       0       0       0       0       0       0       0       0       0       0       0
      Totals:         0       2       0       0       0       0       0       0       0       0       0       0       0       0       0       0       0
Total ram usage:        2 bytes
 Hardware stack levels used:    1
 Hardware stack levels required when called:    7
 This function calls:
		_oled_cmd
 This function is called by:
		_oled_str_disp
		_main
		_oled_char_disp
 This function uses a non-reentrant model


 *************** function _oled_data *****************
 Defined at:
		line 200 in file "main.c"
 Parameters:    Size  Location     Type
  work            1    wreg     unsigned char 
 Auto vars:     Size  Location     Type
  work            1    1[BANK0 ] unsigned char 
 Return value:  Size  Location     Type
                  1    wreg      void 
 Registers used:
		wreg, fsr2l, fsr2h, status,2, status,0, cstack
 Tracked objects:
		On entry : 
		On exit  : 
		Unchanged: 
 Data sizes:     COMRAM   BANK0   BANK1   BANK2   BANK3   BANK4   BANK5   BANK6   BANK7   BANK8   BANK9  BANK10  BANK11  BANK12  BANK13  BANK14  BANK15
      Params:         0       0       0       0       0       0       0       0       0       0       0       0       0       0       0       0       0
      Locals:         0       1       0       0       0       0       0       0       0       0       0       0       0       0       0       0       0
      Temps:          0       0       0       0       0       0       0       0       0       0       0       0       0       0       0       0       0
      Totals:         0       1       0       0       0       0       0       0       0       0       0       0       0       0       0       0       0
Total ram usage:        1 bytes
 Hardware stack levels used:    1
 Hardware stack levels required when called:    6
 This function calls:
		_I2C_M_write
 This function is called by:
		_oled_str_disp
		_main
		_oled_char_disp
 This function uses a non-reentrant model


 *************** function _oled_init *****************
 Defined at:
		line 208 in file "main.c"
 Parameters:    Size  Location     Type
		None
 Auto vars:     Size  Location     Type
		None
 Return value:  Size  Location     Type
                  1    wreg      void 
 Registers used:
		wreg, fsr2l, fsr2h, status,2, status,0, cstack
 Tracked objects:
		On entry : 
		On exit  : 
		Unchanged: 
 Data sizes:     COMRAM   BANK0   BANK1   BANK2   BANK3   BANK4   BANK5   BANK6   BANK7   BANK8   BANK9  BANK10  BANK11  BANK12  BANK13  BANK14  BANK15
      Params:         0       0       0       0       0       0       0       0       0       0       0       0       0       0       0       0       0
      Locals:         0       0       0       0       0       0       0       0       0       0       0       0       0       0       0       0       0
      Temps:          0       1       0       0       0       0       0       0       0       0       0       0       0       0       0       0       0
      Totals:         0       1       0       0       0       0       0       0       0       0       0       0       0       0       0       0       0
Total ram usage:        1 bytes
 Hardware stack levels used:    1
 Hardware stack levels required when called:    7
 This function calls:
		_oled_cmd
 This function is called by:
		_main
 This function uses a non-reentrant model


 *************** function _oled_contrast *****************
 Defined at:
		line 238 in file "main.c"
 Parameters:    Size  Location     Type
  cont            1    wreg     unsigned char 
 Auto vars:     Size  Location     Type
  cont            1    3[BANK0 ] unsigned char 
 Return value:  Size  Location     Type
                  1    wreg      void 
 Registers used:
		wreg, fsr2l, fsr2h, status,2, status,0, cstack
 Tracked objects:
		On entry : 
		On exit  : 
		Unchanged: 
 Data sizes:     COMRAM   BANK0   BANK1   BANK2   BANK3   BANK4   BANK5   BANK6   BANK7   BANK8   BANK9  BANK10  BANK11  BANK12  BANK13  BANK14  BANK15
      Params:         0       0       0       0       0       0       0       0       0       0       0       0       0       0       0       0       0
      Locals:         0       1       0       0       0       0       0       0       0       0       0       0       0       0       0       0       0
      Temps:          0       1       0       0       0       0       0       0       0       0       0       0       0       0       0       0       0
      Totals:         0       2       0       0       0       0       0       0       0       0       0       0       0       0       0       0       0
Total ram usage:        2 bytes
 Hardware stack levels used:    1
 Hardware stack levels required when called:    7
 This function calls:
		_oled_cmd
 This function is called by:
		_main
 This function uses a non-reentrant model


 *************** function _oled_clear *****************
 Defined at:
		line 248 in file "main.c"
 Parameters:    Size  Location     Type
		None
 Auto vars:     Size  Location     Type
		None
 Return value:  Size  Location     Type
                  1    wreg      void 
 Registers used:
		wreg, fsr2l, fsr2h, status,2, status,0, cstack
 Tracked objects:
		On entry : 
		On exit  : 
		Unchanged: 
 Data sizes:     COMRAM   BANK0   BANK1   BANK2   BANK3   BANK4   BANK5   BANK6   BANK7   BANK8   BANK9  BANK10  BANK11  BANK12  BANK13  BANK14  BANK15
      Params:         0       0       0       0       0       0       0       0       0       0       0       0       0       0       0       0       0
      Locals:         0       0       0       0       0       0       0       0       0       0       0       0       0       0       0       0       0
      Temps:          0       1       0       0       0       0       0       0       0       0       0       0       0       0       0       0       0
      Totals:         0       1       0       0       0       0       0       0       0       0       0       0       0       0       0       0       0
Total ram usage:        1 bytes
 Hardware stack levels used:    1
 Hardware stack levels required when called:    7
 This function calls:
		_oled_cmd
 This function is called by:
		_main
 This function uses a non-reentrant model


 *************** function _oled_cmd *****************
 Defined at:
		line 192 in file "main.c"
 Parameters:    Size  Location     Type
  work            1    wreg     unsigned char 
 Auto vars:     Size  Location     Type
  work            1    1[BANK0 ] unsigned char 
 Return value:  Size  Location     Type
                  1    wreg      void 
 Registers used:
		wreg, fsr2l, fsr2h, status,2, status,0, cstack
 Tracked objects:
		On entry : 
		On exit  : 
		Unchanged: 
 Data sizes:     COMRAM   BANK0   BANK1   BANK2   BANK3   BANK4   BANK5   BANK6   BANK7   BANK8   BANK9  BANK10  BANK11  BANK12  BANK13  BANK14  BANK15
      Params:         0       0       0       0       0       0       0       0       0       0       0       0       0       0       0       0       0
      Locals:         0       1       0       0       0       0       0       0       0       0       0       0       0       0       0       0       0
      Temps:          0       0       0       0       0       0       0       0       0       0       0       0       0       0       0       0       0
      Totals:         0       1       0       0       0       0       0       0       0       0       0       0       0       0       0       0       0
Total ram usage:        1 bytes
 Hardware stack levels used:    1
 Hardware stack levels required when called:    6
 This function calls:
		_I2C_M_write
 This function is called by:
		_oled_init
		_oled_position
		_oled_contrast
		_oled_clear
 This function uses a non-reentrant model


 *************** function _I2C_M_write *****************
 Defined at:
		line 128 in file "main.c"
 Parameters:    Size  Location     Type
  addr            1    wreg     unsigned char 
  wr              2   35[COMRAM] PTR unsigned char 
		 -> oled_data@write(2), oled_cmd@write(2), 
  length          1   37[COMRAM] unsigned char 
 Auto vars:     Size  Location     Type
  addr            1    0[BANK0 ] unsigned char 
 Return value:  Size  Location     Type
                  1    wreg      void 
 Registers used:
		wreg, fsr2l, fsr2h, status,2, status,0, cstack
 Tracked objects:
		On entry : 
		On exit  : 
		Unchanged: 
 Data sizes:     COMRAM   BANK0   BANK1   BANK2   BANK3   BANK4   BANK5   BANK6   BANK7   BANK8   BANK9  BANK10  BANK11  BANK12  BANK13  BANK14  BANK15
      Params:         3       0       0       0       0       0       0       0       0       0       0       0       0       0       0       0       0
      Locals:         0       1       0       0       0       0       0       0       0       0       0       0       0       0       0       0       0
      Temps:          0       0       0       0       0       0       0       0       0       0       0       0       0       0       0       0       0
      Totals:         3       1       0       0       0       0       0       0       0       0       0       0       0       0       0       0       0
Total ram usage:        4 bytes
 Hardware stack levels used:    1
 Hardware stack levels required when called:    5
 This function calls:
		_I2C1_MasterWrite
 This function is called by:
		_oled_cmd
		_oled_data
 This function uses a non-reentrant model


 *************** function _I2C1_MasterWrite *****************
 Defined at:
		line 545 in file "mcc_generated_files/i2c1.c"
 Parameters:    Size  Location     Type
  pdata           2   28[COMRAM] PTR unsigned char 
		 -> oled_data@write(2), oled_cmd@write(2), 
  length          1   30[COMRAM] unsigned char 
  address         2   31[COMRAM] unsigned int 
  pflag           2   33[COMRAM] PTR enum E6983
		 -> I2C_M_write@status(1), 
 Auto vars:     Size  Location     Type
		None
 Return value:  Size  Location     Type
                  1    wreg      void 
 Registers used:
		wreg, fsr2l, fsr2h, status,2, status,0, cstack
 Tracked objects:
		On entry : 
		On exit  : 
		Unchanged: 
 Data sizes:     COMRAM   BANK0   BANK1   BANK2   BANK3   BANK4   BANK5   BANK6   BANK7   BANK8   BANK9  BANK10  BANK11  BANK12  BANK13  BANK14  BANK15
      Params:         7       0       0       0       0       0       0       0       0       0       0       0       0       0       0       0       0
      Locals:         0       0       0       0       0       0       0       0       0       0       0       0       0       0       0       0       0
      Temps:          0       0       0       0       0       0       0       0       0       0       0       0       0       0       0       0       0
      Totals:         7       0       0       0       0       0       0       0       0       0       0       0       0       0       0       0       0
Total ram usage:        7 bytes
 Hardware stack levels used:    1
 Hardware stack levels required when called:    4
 This function calls:
		_I2C1_MasterTRBInsert
		_I2C1_MasterWriteTRBBuild
 This function is called by:
		_I2C_M_write
 This function uses a non-reentrant model


 *************** function _I2C1_MasterWriteTRBBuild *****************
 Defined at:
		line 638 in file "mcc_generated_files/i2c1.c"
 Parameters:    Size  Location     Type
  ptrb            2   19[COMRAM] PTR struct .
		 -> I2C1_MasterWrite@trBlock(5), 
  pdata           2   21[COMRAM] PTR unsigned char 
		 -> oled_data@write(2), oled_cmd@write(2), 
  length          1   23[COMRAM] unsigned char 
  address         2   24[COMRAM] unsigned int 
 Auto vars:     Size  Location     Type
		None
 Return value:  Size  Location     Type
                  1    wreg      void 
 Registers used:
		wreg, fsr2l, fsr2h, status,2, status,0
 Tracked objects:
		On entry : 
		On exit  : 
		Unchanged: 
 Data sizes:     COMRAM   BANK0   BANK1   BANK2   BANK3   BANK4   BANK5   BANK6   BANK7   BANK8   BANK9  BANK10  BANK11  BANK12  BANK13  BANK14  BANK15
      Params:         7       0       0       0       0       0       0       0       0       0       0       0       0       0       0       0       0
      Locals:         0       0       0       0       0       0       0       0       0       0       0       0       0       0       0       0       0
      Temps:          2       0       0       0       0       0       0       0       0       0       0       0       0       0       0       0       0
      Totals:         9       0       0       0       0       0       0       0       0       0       0       0       0       0       0       0       0
Total ram usage:        9 bytes
 Hardware stack levels used:    1
 Hardware stack levels required when called:    3
 This function calls:
		Nothing
 This function is called by:
		_I2C1_MasterWrite
 This function uses a non-reentrant model


 *************** function _I2C1_MasterTRBInsert *****************
 Defined at:
		line 580 in file "mcc_generated_files/i2c1.c"
 Parameters:    Size  Location     Type
  count           1    wreg     unsigned char 
  ptrb_list       2   19[COMRAM] PTR struct .
		 -> I2C1_MasterRead@trBlock(5), I2C1_MasterWrite@trBlock(5), 
  pflag           2   21[COMRAM] PTR enum E6983
		 -> I2C_M_write@status(1), 
 Auto vars:     Size  Location     Type
  count           1   24[COMRAM] unsigned char 
 Return value:  Size  Location     Type
                  1    wreg      void 
 Registers used:
		wreg, fsr2l, fsr2h, status,2, status,0
 Tracked objects:
		On entry : 
		On exit  : 
		Unchanged: 
 Data sizes:     COMRAM   BANK0   BANK1   BANK2   BANK3   BANK4   BANK5   BANK6   BANK7   BANK8   BANK9  BANK10  BANK11  BANK12  BANK13  BANK14  BANK15
      Params:         4       0       0       0       0       0       0       0       0       0       0       0       0       0       0       0       0
      Locals:         1       0       0       0       0       0       0       0       0       0       0       0       0       0       0       0       0
      Temps:          1       0       0       0       0       0       0       0       0       0       0       0       0       0       0       0       0
      Totals:         6       0       0       0       0       0       0       0       0       0       0       0       0       0       0       0       0
Total ram usage:        6 bytes
 Hardware stack levels used:    1
 Hardware stack levels required when called:    3
 This function calls:
		Nothing
 This function is called by:
		_I2C1_MasterWrite
		_I2C1_MasterRead
 This function uses a non-reentrant model


 *************** function _SYSTEM_Initialize *****************
 Defined at:
		line 112 in file "mcc_generated_files/mcc.c"
 Parameters:    Size  Location     Type
		None
 Auto vars:     Size  Location     Type
		None
 Return value:  Size  Location     Type
                  1    wreg      void 
 Registers used:
		wreg, status,2, status,0, cstack
 Tracked objects:
		On entry : 
		On exit  : 
		Unchanged: 
 Data sizes:     COMRAM   BANK0   BANK1   BANK2   BANK3   BANK4   BANK5   BANK6   BANK7   BANK8   BANK9  BANK10  BANK11  BANK12  BANK13  BANK14  BANK15
      Params:         0       0       0       0       0       0       0       0       0       0       0       0       0       0       0       0       0
      Locals:         0       0       0       0       0       0       0       0       0       0       0       0       0       0       0       0       0
      Temps:          0       0       0       0       0       0       0       0       0       0       0       0       0       0       0       0       0
      Totals:         0       0       0       0       0       0       0       0       0       0       0       0       0       0       0       0       0
Total ram usage:        0 bytes
 Hardware stack levels used:    1
 Hardware stack levels required when called:    5
 This function calls:
		_ADC_Initialize
		_EUSART1_Initialize
		_EUSART2_Initialize
		_I2C1_Initialize
		_INTERRUPT_Initialize
		_OSCILLATOR_Initialize
		_PIN_MANAGER_Initialize
		_TMR0_Initialize
		_TMR1_Initialize
 This function is called by:
		_main
 This function uses a non-reentrant model


 *************** function _TMR1_Initialize *****************
 Defined at:
		line 64 in file "mcc_generated_files/tmr1.c"
 Parameters:    Size  Location     Type
		None
 Auto vars:     Size  Location     Type
		None
 Return value:  Size  Location     Type
                  1    wreg      void 
 Registers used:
		wreg, status,2, cstack
 Tracked objects:
		On entry : 
		On exit  : 
		Unchanged: 
 Data sizes:     COMRAM   BANK0   BANK1   BANK2   BANK3   BANK4   BANK5   BANK6   BANK7   BANK8   BANK9  BANK10  BANK11  BANK12  BANK13  BANK14  BANK15
      Params:         0       0       0       0       0       0       0       0       0       0       0       0       0       0       0       0       0
      Locals:         0       0       0       0       0       0       0       0       0       0       0       0       0       0       0       0       0
      Temps:          0       0       0       0       0       0       0       0       0       0       0       0       0       0       0       0       0
      Totals:         0       0       0       0       0       0       0       0       0       0       0       0       0       0       0       0       0
Total ram usage:        0 bytes
 Hardware stack levels used:    1
 Hardware stack levels required when called:    4
 This function calls:
		_TMR1_StartTimer
 This function is called by:
		_SYSTEM_Initialize
 This function uses a non-reentrant model


 *************** function _TMR1_StartTimer *****************
 Defined at:
		line 92 in file "mcc_generated_files/tmr1.c"
 Parameters:    Size  Location     Type
		None
 Auto vars:     Size  Location     Type
		None
 Return value:  Size  Location     Type
                  1    wreg      void 
 Registers used:
		None
 Tracked objects:
		On entry : 
		On exit  : 
		Unchanged: 
 Data sizes:     COMRAM   BANK0   BANK1   BANK2   BANK3   BANK4   BANK5   BANK6   BANK7   BANK8   BANK9  BANK10  BANK11  BANK12  BANK13  BANK14  BANK15
      Params:         0       0       0       0       0       0       0       0       0       0       0       0       0       0       0       0       0
      Locals:         0       0       0       0       0       0       0       0       0       0       0       0       0       0       0       0       0
      Temps:          0       0       0       0       0       0       0       0       0       0       0       0       0       0       0       0       0
      Totals:         0       0       0       0       0       0       0       0       0       0       0       0       0       0       0       0       0
Total ram usage:        0 bytes
 Hardware stack levels used:    1
 Hardware stack levels required when called:    3
 This function calls:
		Nothing
 This function is called by:
		_TMR1_Initialize
 This function uses a non-reentrant model


 *************** function _TMR0_Initialize *****************
 Defined at:
		line 89 in file "mcc_generated_files/tmr0.c"
 Parameters:    Size  Location     Type
		None
 Auto vars:     Size  Location     Type
		None
 Return value:  Size  Location     Type
                  1    wreg      void 
 Registers used:
		wreg, status,2, cstack
 Tracked objects:
		On entry : 
		On exit  : 
		Unchanged: 
 Data sizes:     COMRAM   BANK0   BANK1   BANK2   BANK3   BANK4   BANK5   BANK6   BANK7   BANK8   BANK9  BANK10  BANK11  BANK12  BANK13  BANK14  BANK15
      Params:         0       0       0       0       0       0       0       0       0       0       0       0       0       0       0       0       0
      Locals:         0       0       0       0       0       0       0       0       0       0       0       0       0       0       0       0       0
      Temps:          0       0       0       0       0       0       0       0       0       0       0       0       0       0       0       0       0
      Totals:         0       0       0       0       0       0       0       0       0       0       0       0       0       0       0       0       0
Total ram usage:        0 bytes
 Hardware stack levels used:    1
 Hardware stack levels required when called:    4
 This function calls:
		_TMR0_StartTimer
 This function is called by:
		_SYSTEM_Initialize
 This function uses a non-reentrant model


 *************** function _TMR0_StartTimer *****************
 Defined at:
		line 114 in file "mcc_generated_files/tmr0.c"
 Parameters:    Size  Location     Type
		None
 Auto vars:     Size  Location     Type
		None
 Return value:  Size  Location     Type
                  1    wreg      void 
 Registers used:
		None
 Tracked objects:
		On entry : 
		On exit  : 
		Unchanged: 
 Data sizes:     COMRAM   BANK0   BANK1   BANK2   BANK3   BANK4   BANK5   BANK6   BANK7   BANK8   BANK9  BANK10  BANK11  BANK12  BANK13  BANK14  BANK15
      Params:         0       0       0       0       0       0       0       0       0       0       0       0       0       0       0       0       0
      Locals:         0       0       0       0       0       0       0       0       0       0       0       0       0       0       0       0       0
      Temps:          0       0       0       0       0       0       0       0       0       0       0       0       0       0       0       0       0
      Totals:         0       0       0       0       0       0       0       0       0       0       0       0       0       0       0       0       0
Total ram usage:        0 bytes
 Hardware stack levels used:    1
 Hardware stack levels required when called:    3
 This function calls:
		Nothing
 This function is called by:
		_TMR0_Initialize
 This function uses a non-reentrant model


 *************** function _PIN_MANAGER_Initialize *****************
 Defined at:
		line 50 in file "mcc_generated_files/pin_manager.c"
 Parameters:    Size  Location     Type
		None
 Auto vars:     Size  Location     Type
		None
 Return value:  Size  Location     Type
                  1    wreg      void 
 Registers used:
		wreg, status,2
 Tracked objects:
		On entry : 
		On exit  : 
		Unchanged: 
 Data sizes:     COMRAM   BANK0   BANK1   BANK2   BANK3   BANK4   BANK5   BANK6   BANK7   BANK8   BANK9  BANK10  BANK11  BANK12  BANK13  BANK14  BANK15
      Params:         0       0       0       0       0       0       0       0       0       0       0       0       0       0       0       0       0
      Locals:         0       0       0       0       0       0       0       0       0       0       0       0       0       0       0       0       0
      Temps:          0       0       0       0       0       0       0       0       0       0       0       0       0       0       0       0       0
      Totals:         0       0       0       0       0       0       0       0       0       0       0       0       0       0       0       0       0
Total ram usage:        0 bytes
 Hardware stack levels used:    1
 Hardware stack levels required when called:    3
 This function calls:
		Nothing
 This function is called by:
		_SYSTEM_Initialize
 This function uses a non-reentrant model


 *************** function _OSCILLATOR_Initialize *****************
 Defined at:
		line 124 in file "mcc_generated_files/mcc.c"
 Parameters:    Size  Location     Type
		None
 Auto vars:     Size  Location     Type
		None
 Return value:  Size  Location     Type
                  1    wreg      void 
 Registers used:
		wreg, status,2
 Tracked objects:
		On entry : 
		On exit  : 
		Unchanged: 
 Data sizes:     COMRAM   BANK0   BANK1   BANK2   BANK3   BANK4   BANK5   BANK6   BANK7   BANK8   BANK9  BANK10  BANK11  BANK12  BANK13  BANK14  BANK15
      Params:         0       0       0       0       0       0       0       0       0       0       0       0       0       0       0       0       0
      Locals:         0       0       0       0       0       0       0       0       0       0       0       0       0       0       0       0       0
      Temps:          0       0       0       0       0       0       0       0       0       0       0       0       0       0       0       0       0
      Totals:         0       0       0       0       0       0       0       0       0       0       0       0       0       0       0       0       0
Total ram usage:        0 bytes
 Hardware stack levels used:    1
 Hardware stack levels required when called:    3
 This function calls:
		Nothing
[...]
 This function calls:
		_EUSART1_Receive_ISR
		_EUSART1_Transmit_ISR
		_EUSART2_Receive_ISR
		_EUSART2_Transmit_ISR
		_I2C1_BusCollisionISR
		_I2C1_ISR
		_TMR0_ISR
		_TMR1_ISR
 This function is called by:
		Interrupt level 2
 This function uses a non-reentrant model


 *************** function _TMR1_ISR *****************
 Defined at:
		line 147 in file "mcc_generated_files/tmr1.c"
 Parameters:    Size  Location     Type
		None
 Auto vars:     Size  Location     Type
		None
 Return value:  Size  Location     Type
                  1    wreg      void 
 Registers used:
		wreg, status,2, status,0, cstack
 Tracked objects:
		On entry : 
		On exit  : 
		Unchanged: 
 Data sizes:     COMRAM   BANK0   BANK1   BANK2   BANK3   BANK4   BANK5   BANK6   BANK7   BANK8   BANK9  BANK10  BANK11  BANK12  BANK13  BANK14  BANK15
      Params:         0       0       0       0       0       0       0       0       0       0       0       0       0       0       0       0       0
      Locals:         0       0       0       0       0       0       0       0       0       0       0       0       0       0       0       0       0
      Temps:          0       0       0       0       0       0       0       0       0       0       0       0       0       0       0       0       0
      Totals:         0       0       0       0       0       0       0       0       0       0       0       0       0       0       0       0       0
Total ram usage:        0 bytes
 Hardware stack levels used:    1
 Hardware stack levels required when called:    1
 This function calls:
		_TMR1_CallBack
 This function is called by:
		_INTERRUPT_InterruptManager
 This function uses a non-reentrant model


 *************** function _TMR1_CallBack *****************
 Defined at:
		line 168 in file "mcc_generated_files/tmr1.c"
 Parameters:    Size  Location     Type
		None
 Auto vars:     Size  Location     Type
		None
 Return value:  Size  Location     Type
                  1    wreg      void 
 Registers used:
		wreg, status,2
 Tracked objects:
		On entry : 
		On exit  : 
		Unchanged: 
 Data sizes:     COMRAM   BANK0   BANK1   BANK2   BANK3   BANK4   BANK5   BANK6   BANK7   BANK8   BANK9  BANK10  BANK11  BANK12  BANK13  BANK14  BANK15
      Params:         0       0       0       0       0       0       0       0       0       0       0       0       0       0       0       0       0
      Locals:         0       0       0       0       0       0       0       0       0       0       0       0       0       0       0       0       0
      Temps:          0       0       0       0       0       0       0       0       0       0       0       0       0       0       0       0       0
      Totals:         0       0       0       0       0       0       0       0       0       0       0       0       0       0       0       0       0
Total ram usage:        0 bytes
 Hardware stack levels used:    1
 This function calls:
		Nothing
 This function is called by:
		_TMR1_ISR
 This function uses a non-reentrant model


 *************** function _TMR0_ISR *****************
 Defined at:
		line 143 in file "mcc_generated_files/tmr0.c"
 Parameters:    Size  Location     Type
		None
 Auto vars:     Size  Location     Type
		None
 Return value:  Size  Location     Type
                  1    wreg      void 
 Registers used:
		wreg, status,2, status,0, cstack
 Tracked objects:
		On entry : 
		On exit  : 
		Unchanged: 
 Data sizes:     COMRAM   BANK0   BANK1   BANK2   BANK3   BANK4   BANK5   BANK6   BANK7   BANK8   BANK9  BANK10  BANK11  BANK12  BANK13  BANK14  BANK15
      Params:         0       0       0       0       0       0       0       0       0       0       0       0       0       0       0       0       0
      Locals:         0       0       0       0       0       0       0       0       0       0       0       0       0       0       0       0       0
      Temps:          0       0       0       0       0       0       0       0       0       0       0       0       0       0       0       0       0
      Totals:         0       0       0       0       0       0       0       0       0       0       0       0       0       0       0       0       0
Total ram usage:        0 bytes
 Hardware stack levels used:    1
 Hardware stack levels required when called:    1
 This function calls:
		_TMR0_CallBack
 This function is called by:
		_INTERRUPT_InterruptManager
 This function uses a non-reentrant model


 *************** function _TMR0_CallBack *****************
 Defined at:
		line 158 in file "mcc_generated_files/tmr0.c"
 Parameters:    Size  Location     Type
		None
 Auto vars:     Size  Location     Type
		None
 Return value:  Size  Location     Type
                  1    wreg      void 
 Registers used:
		wreg, status,2, status,0
 Tracked objects:
		On entry : 
		On exit  : 
		Unchanged: 
 Data sizes:     COMRAM   BANK0   BANK1   BANK2   BANK3   BANK4   BANK5   BANK6   BANK7   BANK8   BANK9  BANK10  BANK11  BANK12  BANK13  BANK14  BANK15
      Params:         0       0       0       0       0       0       0       0       0       0       0       0       0       0       0       0       0
      Locals:         0       0       0       0       0       0       0       0       0       0       0       0       0       0       0       0       0
      Temps:          0       0       0       0       0       0       0       0       0       0       0       0       0       0       0       0       0
      Totals:         0       0       0       0       0       0       0       0       0       0       0       0       0       0       0       0       0
Total ram usage:        0 bytes
 Hardware stack levels used:    1
 This function calls:
		Nothing
 This function is called by:
		_TMR0_ISR
 This function uses a non-reentrant model


 *************** function _I2C1_ISR *****************
 Defined at:
		line 226 in file "mcc_generated_files/i2c1.c"
 Parameters:    Size  Location     Type
		None
 Auto vars:     Size  Location     Type
		None
 Return value:  Size  Location     Type
                  1    wreg      void 
 Registers used:
		wreg, fsr2l, fsr2h, status,2, status,0, cstack
 Tracked objects:
		On entry : 
		On exit  : 
		Unchanged: 
 Data sizes:     COMRAM   BANK0   BANK1   BANK2   BANK3   BANK4   BANK5   BANK6   BANK7   BANK8   BANK9  BANK10  BANK11  BANK12  BANK13  BANK14  BANK15
      Params:         0       0       0       0       0       0       0       0       0       0       0       0       0       0       0       0       0
      Locals:         0       0       0       0       0       0       0       0       0       0       0       0       0       0       0       0       0
      Temps:          2       0       0       0       0       0       0       0       0       0       0       0       0       0       0       0       0
      Totals:         2       0       0       0       0       0       0       0       0       0       0       0       0       0       0       0       0
Total ram usage:        2 bytes
 Hardware stack levels used:    1
 Hardware stack levels required when called:    1
 This function calls:
		_I2C1_FunctionComplete
		_I2C1_Stop
 This function is called by:
		_INTERRUPT_InterruptManager
 This function uses a non-reentrant model


 *************** function _I2C1_Stop *****************
 Defined at:
		line 530 in file "mcc_generated_files/i2c1.c"
 Parameters:    Size  Location     Type
  completion_c    1    wreg     enum E6983
 Auto vars:     Size  Location     Type
  completion_c    1    2[COMRAM] enum E6983
 Return value:  Size  Location     Type
                  1    wreg      void 
 Registers used:
		wreg, fsr2l, fsr2h, status,2, status,0
 Tracked objects:
		On entry : 
		On exit  : 
		Unchanged: 
 Data sizes:     COMRAM   BANK0   BANK1   BANK2   BANK3   BANK4   BANK5   BANK6   BANK7   BANK8   BANK9  BANK10  BANK11  BANK12  BANK13  BANK14  BANK15
      Params:         0       0       0       0       0       0       0       0       0       0       0       0       0       0       0       0       0
      Locals:         1       0       0       0       0       0       0       0       0       0       0       0       0       0       0       0       0
      Temps:          2       0       0       0       0       0       0       0       0       0       0       0       0       0       0       0       0
      Totals:         3       0       0       0       0       0       0       0       0       0       0       0       0       0       0       0       0
Total ram usage:        3 bytes
 Hardware stack levels used:    1
 This function calls:
		Nothing
 This function is called by:
		_I2C1_ISR
 This function uses a non-reentrant model


 *************** function _I2C1_FunctionComplete *****************
 Defined at:
		line 516 in file "mcc_generated_files/i2c1.c"
 Parameters:    Size  Location     Type
		None
 Auto vars:     Size  Location     Type
		None
 Return value:  Size  Location     Type
                  1    wreg      void 
 Registers used:
		wreg, status,2, status,0
 Tracked objects:
		On entry : 
		On exit  : 
		Unchanged: 
 Data sizes:     COMRAM   BANK0   BANK1   BANK2   BANK3   BANK4   BANK5   BANK6   BANK7   BANK8   BANK9  BANK10  BANK11  BANK12  BANK13  BANK14  BANK15
      Params:         0       0       0       0       0       0       0       0       0       0       0       0       0       0       0       0       0
      Locals:         0       0       0       0       0       0       0       0       0       0       0       0       0       0       0       0       0
      Temps:          0       0       0       0       0       0       0       0       0       0       0       0       0       0       0       0       0
      Totals:         0       0       0       0       0       0       0       0       0       0       0       0       0       0       0       0       0
Total ram usage:        0 bytes
 Hardware stack levels used:    1
 This function calls:
		Nothing
 This function is called by:
		_I2C1_ISR
 This function uses a non-reentrant model


 *************** function _I2C1_BusCollisionISR *****************
 Defined at:
		line 656 in file "mcc_generated_files/i2c1.c"
 Parameters:    Size  Location     Type
		None
 Auto vars:     Size  Location     Type
		None
 Return value:  Size  Location     Type
                  1    wreg      void 
 Registers used:
		None
 Tracked objects:
		On entry : 
		On exit  : 
		Unchanged: 
 Data sizes:     COMRAM   BANK0   BANK1   BANK2   BANK3   BANK4   BANK5   BANK6   BANK7   BANK8   BANK9  BANK10  BANK11  BANK12  BANK13  BANK14  BANK15
      Params:         0       0       0       0       0       0       0       0       0       0       0       0       0       0       0       0       0
      Locals:         0       0       0       0       0       0       0       0       0       0       0       0       0       0       0       0       0
      Temps:          0       0       0       0       0       0       0       0       0       0       0       0       0       0       0       0       0
      Totals:         0       0       0       0       0       0       0       0       0       0       0       0       0       0       0       0       0
Total ram usage:        0 bytes
 Hardware stack levels used:    1
 This function calls:
		Nothing
 This function is called by:
		_INTERRUPT_InterruptManager
 This function uses a non-reentrant model


 *************** function _EUSART2_Transmit_ISR *****************
 Defined at:
		line 147 in file "mcc_generated_files/eusart2.c"
 Parameters:    Size  Location     Type
		None
 Auto vars:     Size  Location     Type
		None
 Return value:  Size  Location     Type
                  1    wreg      void 
 Registers used:
		wreg, fsr2l, fsr2h, status,2, status,0, prodl, prodh
 Tracked objects:
		On entry : 
		On exit  : 
		Unchanged: 
 Data sizes:     COMRAM   BANK0   BANK1   BANK2   BANK3   BANK4   BANK5   BANK6   BANK7   BANK8   BANK9  BANK10  BANK11  BANK12  BANK13  BANK14  BANK15
      Params:         0       0       0       0       0       0       0       0       0       0       0       0       0       0       0       0       0
      Locals:         0       0       0       0       0       0       0       0       0       0       0       0       0       0       0       0       0
      Temps:          0       0       0       0       0       0       0       0       0       0       0       0       0       0       0       0       0
      Totals:         0       0       0       0       0       0       0       0       0       0       0       0       0       0       0       0       0
Total ram usage:        0 bytes
 Hardware stack levels used:    1
 This function calls:
		Nothing
 This function is called by:
		_INTERRUPT_InterruptManager
 This function uses a non-reentrant model


 *************** function _EUSART2_Receive_ISR *****************
 Defined at:
		line 161 in file "mcc_generated_files/eusart2.c"
 Parameters:    Size  Location     Type
		None
 Auto vars:     Size  Location     Type
		None
 Return value:  Size  Location     Type
                  1    wreg      void 
 Registers used:
		wreg, fsr2l, fsr2h, status,2, status,0, prodl, prodh
 Tracked objects:
		On entry : 
		On exit  : 
		Unchanged: 
 Data sizes:     COMRAM   BANK0   BANK1   BANK2   BANK3   BANK4   BANK5   BANK6   BANK7   BANK8   BANK9  BANK10  BANK11  BANK12  BANK13  BANK14  BANK15
      Params:         0       0       0       0       0       0       0       0       0       0       0       0       0       0       0       0       0
      Locals:         0       0       0       0       0       0       0       0       0       0       0       0       0       0       0       0       0
      Temps:          0       0       0       0       0       0       0       0       0       0       0       0       0       0       0       0       0
      Totals:         0       0       0       0       0       0       0       0       0       0       0       0       0       0       0       0       0
Total ram usage:        0 bytes
 Hardware stack levels used:    1
 This function calls:
		Nothing
 This function is called by:
		_INTERRUPT_InterruptManager
 This function uses a non-reentrant model


 *************** function _EUSART1_Transmit_ISR *****************
 Defined at:
		line 173 in file "mcc_generated_files/eusart1.c"
 Parameters:    Size  Location     Type
		None
 Auto vars:     Size  Location     Type
		None
 Return value:  Size  Location     Type
                  1    wreg      void 
 Registers used:
		wreg, fsr2l, fsr2h, status,2, status,0, prodl, prodh
 Tracked objects:
		On entry : 
		On exit  : 
		Unchanged: 
 Data sizes:     COMRAM   BANK0   BANK1   BANK2   BANK3   BANK4   BANK5   BANK6   BANK7   BANK8   BANK9  BANK10  BANK11  BANK12  BANK13  BANK14  BANK15
      Params:         0       0       0       0       0       0       0       0       0       0       0       0       0       0       0       0       0
      Locals:         0       0       0       0       0       0       0       0       0       0       0       0       0       0       0       0       0
      Temps:          0       0       0       0       0       0       0       0       0       0       0       0       0       0       0       0       0
      Totals:         0       0       0       0       0       0       0       0       0       0       0       0       0       0       0       0       0
Total ram usage:        0 bytes
 Hardware stack levels used:    1
 This function calls:
		Nothing
 This function is called by:
		_INTERRUPT_InterruptManager
 This function uses a non-reentrant model


 *************** function _EUSART1_Receive_ISR *****************
 Defined at:
		line 192 in file "mcc_generated_files/eusart1.c"
 Parameters:    Size  Location     Type
		None
 Auto vars:     Size  Location     Type
		None
 Return value:  Size  Location     Type
                  1    wreg      void 
 Registers used:
		wreg, fsr2l, fsr2h, status,2, status,0, prodl, prodh
 Tracked objects:
		On entry : 
		On exit  : 
		Unchanged: 
 Data sizes:     COMRAM   BANK0   BANK1   BANK2   BANK3   BANK4   BANK5   BANK6   BANK7   BANK8   BANK9  BANK10  BANK11  BANK12  BANK13  BANK14  BANK15
      Params:         0       0       0       0       0       0       0       0       0       0       0       0       0       0       0       0       0
      Locals:         0       0       0       0       0       0       0       0       0       0       0       0       0       0       0       0       0
      Temps:          0       0       0       0       0       0       0       0       0       0       0       0       0       0       0       0       0
      Totals:         0       0       0       0       0       0       0       0       0       0       0       0       0       0       0       0       0
Total ram usage:        0 bytes
 Hardware stack levels used:    1
 This function calls:
		Nothing
 This function is called by:
		_INTERRUPT_InterruptManager
 This function uses a non-reentrant model



MODULE INFORMATION

Module		Function		Class		Link	Load	Size
mcc_generated_files/eusart2.c
		_EUSART2_Read  		CODE           	1B0E	0000	53
		_EUSART2_Receive_ISR		CODE           	1C3A	0000	45
		_EUSART2_Transmit_ISR		CODE           	1BA8	0000	51
		_EUSART2_Initialize		CODE           	1AA2	0000	55

mcc_generated_files/eusart2.c estimated size: 204

mcc_generated_files/interrupt_manager.c
		_INTERRUPT_Initialize		CODE           	1DE8	0000	21
		_INTERRUPT_InterruptManager		CODE           	0008	0000	213

mcc_generated_files/interrupt_manager.c estimated size: 234

mcc_generated_files/tmr0.c
		_TMR0_CallBack 		CODE           	1D52	0000	29
		_TMR0_StartTimer		CODE           	1E20	0000	5
		_TMR0_ISR      		CODE           	1E0A	0000	13
		_TMR0_Initialize		CODE           	1D88	0000	27

mcc_generated_files/tmr0.c estimated size: 74

mcc_generated_files/i2c1.c
		_I2C1_BusCollisionISR		CODE           	1E24	0000	3
		_I2C1_FunctionComplete		CODE           	1DBA	0000	25
		_I2C1_MasterWriteTRBBuild		CODE           	1968	0000	69
		_I2C1_ISR      		CODE           	13EC	0000	613
		_I2C1_MasterWrite		CODE           	1842	0000	77
		_I2C1_Initialize		CODE           	1A66	0000	61
		_I2C1_Stop     		CODE           	1A28	0000	63
		_I2C1_MasterTRBInsert		CODE           	1650	0000	187

mcc_generated_files/i2c1.c estimated size: 1098

mcc_generated_files/pin_manager.c
		_PIN_MANAGER_Initialize		CODE           	18D8	0000	73

mcc_generated_files/pin_manager.c estimated size: 73

mcc_generated_files/adc.c
		_ADC_Initialize		CODE           	1DD2	0000	23
		_ADC_GetConversion		CODE           	1C0A	0000	49

mcc_generated_files/adc.c estimated size: 72

shared
		__initialization		CODE           	1B76	0000	37

shared estimated size: 37

mcc_generated_files/eusart1.c
		_EUSART1_Initialize		CODE           	1AD8	0000	55
		_EUSART1_Read  		CODE           	1B42	0000	53
		_EUSART1_Write 		CODE           	188E	0000	75
		_EUSART1_Receive_ISR		CODE           	1C66	0000	45
		_EUSART1_Transmit_ISR		CODE           	1920	0000	73

mcc_generated_files/eusart1.c estimated size: 301

mcc_generated_files/mcc.c
		_OSCILLATOR_Initialize		CODE           	1DFC	0000	15
		_SYSTEM_Initialize		CODE           	1CE6	0000	39

mcc_generated_files/mcc.c estimated size: 54

mcc_generated_files/tmr1.c
		_TMR1_Initialize		CODE           	1D30	0000	35
		_TMR1_CallBack 		CODE           	1E16	0000	7
		_TMR1_StartTimer		CODE           	1E1C	0000	5
		_TMR1_ISR      		CODE           	1D0C	0000	37

mcc_generated_files/tmr1.c estimated size: 84

main.c
		_oled_data     		CODE           	1C92	0000	43
		_oled_clear    		CODE           	1D6E	0000	27
		_EUSART_CompWrite		CODE           	1BDA	0000	49
		_main          		CODE           	100C	0000	993
		_oled_str_disp 		CODE           	170A	0000	161
		_oled_contrast 		CODE           	19EA	0000	63
		_oled_init     		CODE           	19AC	0000	63
		_I2C_M_write   		CODE           	17AA	0000	153
		_oled_position 		CODE           	1DA2	0000	25
		_oled_cmd      		CODE           	1CBC	0000	43

main.c estimated size: 1620

